# verify ladder chip/m02-live3 @6bef1d4 (base d69c0ddb)
## go build ./...
exit=0
## go vet (composition/market/listings/connectors)
exit=0
## go test affected suites
ok  	marketplace-central/apps/server_core/internal/composition	7.679s
?   	marketplace-central/apps/server_core/internal/modules/market/adapters/postgres	[no test files]
ok  	marketplace-central/apps/server_core/internal/modules/market/application	4.405s
ok  	marketplace-central/apps/server_core/internal/modules/market/domain	4.416s
?   	marketplace-central/apps/server_core/internal/modules/market/ports	[no test files]
ok  	marketplace-central/apps/server_core/internal/modules/market/transport	5.323s
ok  	marketplace-central/apps/server_core/internal/modules/listings/adapters/connectors	5.162s
ok  	marketplace-central/apps/server_core/internal/modules/listings/adapters/integrations	4.900s
?   	marketplace-central/apps/server_core/internal/modules/listings/adapters/internalread	[no test files]
?   	marketplace-central/apps/server_core/internal/modules/listings/adapters/marketplaces	[no test files]
?   	marketplace-central/apps/server_core/internal/modules/listings/adapters/postgres	[no test files]
ok  	marketplace-central/apps/server_core/internal/modules/listings/application	2.603s
ok  	marketplace-central/apps/server_core/internal/modules/listings/domain	2.505s
ok  	marketplace-central/apps/server_core/internal/modules/listings/ports	4.281s
ok  	marketplace-central/apps/server_core/internal/modules/listings/transport	5.553s
?   	marketplace-central/apps/server_core/internal/modules/connectors/adapters/magalu	[no test files]
ok  	marketplace-central/apps/server_core/internal/modules/connectors/adapters/melhorenvio	6.592s
ok  	marketplace-central/apps/server_core/internal/modules/connectors/adapters/mercado_livre	6.825s
?   	marketplace-central/apps/server_core/internal/modules/connectors/adapters/shopee	[no test files]
ok  	marketplace-central/apps/server_core/internal/modules/connectors/application	4.937s
ok  	marketplace-central/apps/server_core/internal/modules/connectors/domain	2.147s
?   	marketplace-central/apps/server_core/internal/modules/connectors/events	[no test files]
?   	marketplace-central/apps/server_core/internal/modules/connectors/ports	[no test files]
?   	marketplace-central/apps/server_core/internal/modules/connectors/readmodel	[no test files]
?   	marketplace-central/apps/server_core/internal/modules/connectors/transport	[no test files]
exit=0
## new guard tests -v
=== RUN   TestListingVariationOrSentinelRoundTripsThroughParse
--- PASS: TestListingVariationOrSentinelRoundTripsThroughParse (0.00s)
PASS
=== RUN   TestListCatalogOffersDecodesNumericSellerID
--- PASS: TestListCatalogOffersDecodesNumericSellerID (0.01s)
PASS
=== RUN   TestClassifyInvalidListingRefIsLocalNotProvider4xx
--- PASS: TestClassifyInvalidListingRefIsLocalNotProvider4xx (0.00s)
PASS
