# CHIP-M02-FIX verification log — c03fce00

## go build ./... (server_core)
exit=0

## go vet market+composition+connectors
exit=0

## go test market (v)
?   	marketplace-central/apps/server_core/internal/modules/market/adapters/postgres	[no test files]
ok  	marketplace-central/apps/server_core/internal/modules/market/application	1.530s
ok  	marketplace-central/apps/server_core/internal/modules/market/domain	1.351s
?   	marketplace-central/apps/server_core/internal/modules/market/ports	[no test files]
ok  	marketplace-central/apps/server_core/internal/modules/market/transport	2.032s

## go test composition (v)
=== RUN   TestGetLocalIdentityMapsReaderNotFoundToSentinel
--- PASS: TestGetLocalIdentityMapsReaderNotFoundToSentinel (0.00s)
=== RUN   TestMapMarketConnectorError
=== RUN   TestMapMarketConnectorError/nil_passes_through
=== RUN   TestMapMarketConnectorError/deadline_exceeded_passes_through_as_timeout
=== RUN   TestMapMarketConnectorError/catalog_offers_unavailable_maps_to_disabled_sentinel
=== RUN   TestMapMarketConnectorError/rate_limited_sentinel_and_capability_code_map_to_ErrRateLimited
=== RUN   TestMapMarketConnectorError/status_classes
--- PASS: TestMapMarketConnectorError (0.00s)
=== RUN   TestMapMarketProviderErrorContextDeadline
--- PASS: TestMapMarketProviderErrorContextDeadline (0.00s)
=== RUN   TestAccountRefForTenant
=== RUN   TestAccountRefForTenant/connected_mercado_livre_installation_preferred
=== RUN   TestAccountRefForTenant/no_connected_installation_is_honest_503,_never_a_fallback
=== RUN   TestAccountRefForTenant/no_mercado_livre_installation_at_all_is_503
--- PASS: TestAccountRefForTenant (0.00s)
PASS
ok  	marketplace-central/apps/server_core/internal/composition	4.338s

## go test connectors ML (v)
--- PASS: TestGetCatalogProductMapsBuyBoxAndAttributes (0.00s)
--- PASS: TestSearchCatalogByEANSendsSiteIDAndProductIdentifier (0.00s)
--- PASS: TestSearchCatalogByEANZeroResultsReturnsEmptyNonNil (0.00s)
--- PASS: TestGetCatalogProductNullBuyBoxWinnerAndAbsentValueNameStayNil (0.00s)
--- PASS: TestSearchCatalogByEANMapsCandidatesInProviderOrder (0.00s)
--- PASS: TestCatalogIdentityReaderMapsProviderErrors (0.00s)
ok  	marketplace-central/apps/server_core/internal/modules/connectors/adapters/mercado_livre	3.759s
